---
source: cli/tests/snapshot/main.rs
expression: err
---
error: incompatible types
  ┌─ [INPUTS_PATH]/errors/destructuring_type_mismatch_field_pattern_fail.ncl:3:33
  │
3 │ (let { a : Number = b } = { a = "x" } in b) : _
  │                                 ^^^ this expression
  │
  = Expected an expression of type `Number`
  = Found an expression of type `String`
  = These types are not compatible


