---
source: cli/tests/snapshot/main.rs
expression: out
---
{
  aaaaa | Number | default = 1,
  bbbbb
    : String
    | force
    = "some long string that goes past the 80 character line limit for pretty printing",
  ccccc : { x : Number, y : Number } = { x = 999.8979, y = 500, },
  ddddd
    | Array std.string.NonEmpty
    = [ "a", "list", "of", "non", "empty", "strings" ],
}
