---
source: package/tests/integration.rs
expression: lock_contents
---
{
  "dependencies": {
    "leaf": {
      "name": "leaf"
    }
  },
  "packages": {
    "leaf": {
      "precise": "Path",
      "dependencies": {
        "leaf": {
          "name": "leaf 1"
        }
      }
    },
    "leaf 1": {
      "precise": "Path",
      "dependencies": {}
    }
  }
}
