---
source: lsp/nls/tests/main.rs
expression: output
---
[a, b, config]
[a, b, config, foo, verified, version]
[a, b, config, foo, verified, version]
[a, b, config, foo, verified, version]
[a, b, config, really]
[a, b, config, really]
[config, foo, really, verified, version]
["has a space", config, lalala]
[config, falala]
[config, field]
[config, field]
[config, subfield]
[config, f, foo]
[config, field]
[config, field]

