---
source: lsp/nls/tests/main.rs
expression: output
---
file:///goto.ncl:1:2-1:5
file:///goto.ncl:1:2-1:5
file:///goto.ncl:1:2-1:5
[file:///goto.ncl:1:2-1:5, file:///goto.ncl:3:8-3:11]
[file:///goto.ncl:3:8-3:11]
[file:///goto.ncl:3:2-3:5]
None
[file:///goto.ncl:1:2-1:5, file:///goto.ncl:3:8-3:11]
[file:///goto.ncl:3:8-3:11]

