---
source: lsp/nls/tests/main.rs
expression: output
---
[0:14-0:46: "this record lacks the field `baz`", 0:34-0:40: "expected type", 0:43-0:44: "contract broken by the value of `quux`", 0:43-0:44: "applied to this expression", 3:2-3:29: "missing field `baz`\nDid you mean `bar`?", 3:2-3:29: "this requires the field `baz` to exist"]
