---
source: lsp/nls/tests/main.rs
expression: output
---
[2:4-2:7: "contract broken by a value", 2:4-2:7: "applied to this expression", 3:12-3:18: "expected array element type", 5:12-5:17: "contract broken by the value of `num`", 5:12-5:17: "applied to this expression", 6:20-6:26: "expected type", 8:6-8:9: "contract broken by a value", 8:6-8:9: "applied to this expression", 9:19-9:25: "expected array element type"]
