---
source: package/tests/integration/main.rs
expression: lock_contents
---
{
  "dependencies": {
    "dep": {
      "precise": {
        "Path": {
          "path": "../single-path-dep"
        }
      }
    }
  },
  "packages": [
    {
      "source": {
        "Path": {
          "path": "../single-path-dep"
        }
      },
      "dependencies": {}
    }
  ]
}
