---
source: package/tests/integration/main.rs
expression: lock_contents
---
{
  "dependencies": {
    "git-root": {
      "precise": {
        "Git": {
          "url": "https://example.com/with-subdirs",
          "id": <GENERATED>,
          "path": ""
        }
      },
      "spec": {
        "url": "https://example.com/with-subdirs",
        "ref": "Head",
        "path": ""
      }
    },
    "git-subdir": {
      "precise": {
        "Git": {
          "url": "https://example.com/with-subdirs",
          "id": <GENERATED>,
          "path": "subdir-with-path-dep"
        }
      },
      "spec": {
        "url": "https://example.com/with-subdirs",
        "ref": "Head",
        "path": "subdir-with-path-dep"
      }
    }
  },
  "packages": [
    {
      "source": {
        "Git": {
          "url": "https://example.com/with-subdirs",
          "id": <GENERATED>,
          "path": ""
        }
      },
      "dependencies": {}
    },
    {
      "source": {
        "Git": {
          "url": "https://example.com/with-subdirs",
          "id": <GENERATED>,
          "path": "leaf-subdir"
        }
      },
      "dependencies": {}
    },
    {
      "source": {
        "Git": {
          "url": "https://example.com/with-subdirs",
          "id": <GENERATED>,
          "path": "subdir-with-path-dep"
        }
      },
      "dependencies": {
        "leaf": {
          "precise": {
            "Git": {
              "url": "https://example.com/with-subdirs",
              "id": <GENERATED>,
              "path": "leaf-subdir"
            }
          }
        },
        "parent": {
          "precise": {
            "Git": {
              "url": "https://example.com/with-subdirs",
              "id": <GENERATED>,
              "path": ""
            }
          }
        }
      }
    }
  ]
}
